[debug] [2026-04-03T07:07:37.097Z] ----------------------------------------------------------------------
[debug] [2026-04-03T07:07:37.099Z] Command:       C:\Program Files\nodejs\node.exe C:\Users\joynm\AppData\Roaming\npm\node_modules\firebase-tools\lib\bin\firebase.js deploy --only hosting
[debug] [2026-04-03T07:07:37.100Z] CLI Version:   15.10.0
[debug] [2026-04-03T07:07:37.100Z] Platform:      win32
[debug] [2026-04-03T07:07:37.100Z] Node Version:  v24.11.1
[debug] [2026-04-03T07:07:37.100Z] Time:          Fri Apr 03 2026 16:07:37 GMT+0900 (대한민국 표준시)
[debug] [2026-04-03T07:07:37.100Z] ----------------------------------------------------------------------
[debug] 
[debug] [2026-04-03T07:07:39.631Z] > command requires scopes: ["email","openid","https://www.googleapis.com/auth/cloudplatformprojects.readonly","https://www.googleapis.com/auth/firebase","https://www.googleapis.com/auth/cloud-platform"]
[debug] [2026-04-03T07:07:39.631Z] > authorizing via signed-in user (joynm29@gmail.com)
[debug] [2026-04-03T07:07:39.631Z] [iam] checking project clarus-n for permissions ["firebase.projects.get","firebasehosting.sites.update"]
[debug] [2026-04-03T07:07:39.632Z] Checked if tokens are valid: true, expires at: 1775203342920
[debug] [2026-04-03T07:07:39.632Z] Checked if tokens are valid: true, expires at: 1775203342920
[debug] [2026-04-03T07:07:39.632Z] >>> [apiv2][query] POST https://cloudresourcemanager.googleapis.com/v1/projects/clarus-n:testIamPermissions [none]
[debug] [2026-04-03T07:07:39.633Z] >>> [apiv2][(partial)header] POST https://cloudresourcemanager.googleapis.com/v1/projects/clarus-n:testIamPermissions  x-goog-user-project=clarus-n
[debug] [2026-04-03T07:07:39.633Z] >>> [apiv2][body] POST https://cloudresourcemanager.googleapis.com/v1/projects/clarus-n:testIamPermissions {"permissions":["firebase.projects.get","firebasehosting.sites.update"]}
[debug] [2026-04-03T07:07:39.879Z] <<< [apiv2][status] POST https://cloudresourcemanager.googleapis.com/v1/projects/clarus-n:testIamPermissions 200
[debug] [2026-04-03T07:07:39.879Z] <<< [apiv2][body] POST https://cloudresourcemanager.googleapis.com/v1/projects/clarus-n:testIamPermissions {"permissions":["firebase.projects.get","firebasehosting.sites.update"]}
[debug] [2026-04-03T07:07:39.880Z] Checked if tokens are valid: true, expires at: 1775203342920
[debug] [2026-04-03T07:07:39.880Z] Checked if tokens are valid: true, expires at: 1775203342920
[debug] [2026-04-03T07:07:39.880Z] >>> [apiv2][query] GET https://firebase.googleapis.com/v1beta1/projects/clarus-n [none]
[debug] [2026-04-03T07:07:40.360Z] <<< [apiv2][status] GET https://firebase.googleapis.com/v1beta1/projects/clarus-n 200
[debug] [2026-04-03T07:07:40.360Z] <<< [apiv2][body] GET https://firebase.googleapis.com/v1beta1/projects/clarus-n {"projectId":"clarus-n","projectNumber":"490844351258","displayName":"CLARUS-N","name":"projects/clarus-n","resources":{"hostingSite":"clarus-n"},"state":"ACTIVE","etag":"1_d4c1421e-5f31-490b-98e3-6cdb0e39b020"}
[info] 
[info] === Deploying to 'clarus-n'...
[info] 
[info] i  deploying hosting 
[debug] [2026-04-03T07:07:40.364Z] Checked if tokens are valid: true, expires at: 1775203342920
[debug] [2026-04-03T07:07:40.364Z] Checked if tokens are valid: true, expires at: 1775203342920
[debug] [2026-04-03T07:07:40.364Z] >>> [apiv2][query] POST https://firebasehosting.googleapis.com/v1beta1/projects/-/sites/clarus-n/versions [none]
[debug] [2026-04-03T07:07:40.364Z] >>> [apiv2][body] POST https://firebasehosting.googleapis.com/v1beta1/projects/-/sites/clarus-n/versions {"status":"CREATED","labels":{"deployment-tool":"cli-firebase"}}
